[36mðŸ—‘ Cleaning up oops's zombie containers.
Usage:
  cleanup [service] [flags]

Flags:
  -h, --help   help for cleanup

