[36m🔎 Checking status of 'barg'! Will be just a tick.
Usage:
  status [service] [flags]

Flags:
  -h, --help   help for status

