[36mğŸ—‘ Cleaning up fizzler's zombie containers.
