[36m⚠️  No service argument provided. Finding default.
[36m🔎 Checking status of 'boris'! Will be just a tick.
[32m✅ Succesfully fetched status.
[36m------ Service: boris ------
[34mDeployment count: [37m1
[34mLast deployed at: [37mMon, 01 Jan 0001 00:00:00 UTC
