[36m⚠️  No service argument provided. Finding default.
[36m🗑 Cleaning up boris's zombie containers.
